[run ] stage151-split-late3: export candidate s151-safe-full
Saved generated profile module to /mnt/data/stage167_repo/stage167_benchmark_reset_repo/tools/evaluator-training/out/stage15x-support-stack/stage151-split-late3/exported/s151-safe-full.generated.js
  evaluation profile            : balanced13-alllate-smoothed stability extras 0.90x
  move-ordering slot           : stage151-split-late3__move-ordering__safe
  tuple residual slot          : diagonal-top24-latea-endgame-patched-calibrated
  mpc slot                     : stage151-split-late3__runtime-mpc__safe4High
  pattern-bank stack           : 1
  move-ordering pattern-bank   : 1
  module format                : factorized
  module size                  : 2639334 bytes
Saved summary JSON to /mnt/data/stage167_repo/stage167_benchmark_reset_repo/tools/evaluator-training/out/stage15x-support-stack/stage151-split-late3/exported/s151-safe-full.summary.json
[run ] stage151-split-late3: export candidate s151-noend-main
Saved generated profile module to /mnt/data/stage167_repo/stage167_benchmark_reset_repo/tools/evaluator-training/out/stage15x-support-stack/stage151-split-late3/exported/s151-noend-main.generated.js
  evaluation profile            : balanced13-alllate-smoothed stability extras 0.90x
  move-ordering slot           : stage151-split-late3__move-ordering__balanced
  tuple residual slot          : diagonal-top24-latea-endgame-patched-calibrated
  mpc slot                     : stage151-split-late3__runtime-mpc__overlapHighTight
  pattern-bank stack           : 1
  move-ordering pattern-bank   : 1
  module format                : factorized
  module size                  : 2569991 bytes
Saved summary JSON to /mnt/data/stage167_repo/stage167_benchmark_reset_repo/tools/evaluator-training/out/stage15x-support-stack/stage151-split-late3/exported/s151-noend-main.summary.json
[run ] stage151-split-late3: export candidate s151-latea-main
Saved generated profile module to /mnt/data/stage167_repo/stage167_benchmark_reset_repo/tools/evaluator-training/out/stage15x-support-stack/stage151-split-late3/exported/s151-latea-main.generated.js
  evaluation profile            : balanced13-alllate-smoothed stability extras 0.90x
  move-ordering slot           : stage151-split-late3__move-ordering__balanced
  tuple residual slot          : diagonal-top24-latea-endgame-patched-calibrated
  mpc slot                     : stage151-split-late3__runtime-mpc__overlapHighTight
  pattern-bank stack           : 1
  move-ordering pattern-bank   : 1
  module format                : factorized
  module size                  : 2459537 bytes
Saved summary JSON to /mnt/data/stage167_repo/stage167_benchmark_reset_repo/tools/evaluator-training/out/stage15x-support-stack/stage151-split-late3/exported/s151-latea-main.summary.json
[run ] stage151-split-late3: export candidate s151-linear-only
Saved generated profile module to /mnt/data/stage167_repo/stage167_benchmark_reset_repo/tools/evaluator-training/out/stage15x-support-stack/stage151-split-late3/exported/s151-linear-only.generated.js
  evaluation profile            : balanced13-alllate-smoothed stability extras 0.90x
  move-ordering slot           : stage151-split-late3__move-ordering__balanced
  tuple residual slot          : diagonal-top24-latea-endgame-patched-calibrated
  mpc slot                     : stage151-split-late3__runtime-mpc__overlapHighTight
  pattern-bank stack           : 1
  move-ordering pattern-bank   : 0
  module format                : factorized
  module size                  : 2338412 bytes
Saved summary JSON to /mnt/data/stage167_repo/stage167_benchmark_reset_repo/tools/evaluator-training/out/stage15x-support-stack/stage151-split-late3/exported/s151-linear-only.summary.json
[run ] stage151-split-late3: export candidate s151-noend-split
Saved generated profile module to /mnt/data/stage167_repo/stage167_benchmark_reset_repo/tools/evaluator-training/out/stage15x-support-stack/stage151-split-late3/exported/s151-noend-split.generated.js
  evaluation profile            : balanced13-alllate-smoothed stability extras 0.90x
  move-ordering slot           : stage151-split-late3__move-ordering__superset
  tuple residual slot          : diagonal-top24-latea-endgame-patched-calibrated
  mpc slot                     : stage151-split-late3__runtime-mpc__splitHighTight
  pattern-bank stack           : 1
  move-ordering pattern-bank   : 1
  module format                : factorized
  module size                  : 2569966 bytes
Saved summary JSON to /mnt/data/stage167_repo/stage167_benchmark_reset_repo/tools/evaluator-training/out/stage15x-support-stack/stage151-split-late3/exported/s151-noend-split.summary.json
[run ] stage151-split-late3: export candidate s151-full-both
Saved generated profile module to /mnt/data/stage167_repo/stage167_benchmark_reset_repo/tools/evaluator-training/out/stage15x-support-stack/stage151-split-late3/exported/s151-full-both.generated.js
  evaluation profile            : balanced13-alllate-smoothed stability extras 0.90x
  move-ordering slot           : stage151-split-late3__move-ordering__superset
  tuple residual slot          : diagonal-top24-latea-endgame-patched-calibrated
  mpc slot                     : stage151-split-late3__runtime-mpc__overlapBothSoftLow
  pattern-bank stack           : 1
  move-ordering pattern-bank   : 1
  module format                : factorized
  module size                  : 2640992 bytes
Saved summary JSON to /mnt/data/stage167_repo/stage167_benchmark_reset_repo/tools/evaluator-training/out/stage15x-support-stack/stage151-split-late3/exported/s151-full-both.summary.json
Done: 1 family(s) processed.
