$ node /tmp/stage167_work/stage167_benchmark_reset_repo/tools/engine-match/benchmark-vs-trineutron.mjs --variants custom --games 4 --opening-plies 20 --seed 29 --our-time-ms 240 --their-time-ms 240 --our-max-depth 6 --their-max-depth 18 --search-algorithm classic-mtdf-2ply --aspiration-window 60 --max-table-entries 90000 --exact-endgame-empties 10 --solver-adjudication-empties 14 --solver-adjudication-time-ms 60000 --solver-adjudication-max-depth 14 --their-noise-scale 4 --variant-seed-mode shared --output-json /tmp/stage167_work/stage167_benchmark_reset_repo/tools/engine-match/out/_stage15x_restart_round6_base_overlay_parallel/results/noisy240-mtdf-seed29/s151-safe-full.json --variant-label s151-safe-full --generated-module tools/evaluator-training/out/stage15x-support-stack/stage151-split-late3/exported/s151-safe-full.generated.js --engine-options-json tools/evaluator-training/out/stage15x-support-stack/stage151-split-late3/engine-options/s151-safe-full.json

STDOUT:
Opening source      : random
Opening plies       : 20
Opening seed range  : 29..32
Our search          : classic-mtdf-2ply (Classic MTD(f)), aspiration=60, table=90000
Our engine time     : 240ms, depth=6, exactEndgameEmpties=10
Solver adjudication : empties<=14, time=60000ms, depth=14
Trineutron time     : 240ms, depth=18, noiseScale=4
Variant seed mode   : shared
Variants            : custom
Custom profiles     : eval=balanced13-alllate-smoothed stability extras 0.90x, ordering=stage151-split-late3__move-ordering__safe, tuple=diagonal-top24-latea-endgame-patched-calibrated, mpc=stage151-split-late3__runtime-mpc__safe4High, pattern-bank=1, ordering-pattern-bank=1
Custom engine opts  : /tmp/stage167_work/stage167_benchmark_reset_repo/tools/evaluator-training/out/stage15x-support-stack/stage151-split-late3/engine-options/s151-safe-full.json
Custom module path  : /tmp/stage167_work/stage167_benchmark_reset_repo/tools/evaluator-training/out/stage15x-support-stack/stage151-split-late3/exported/s151-safe-full.generated.js
Games per variant   : 4 openings x 2 colors = 8

[variant: s151-safe-full]
opening#01 black draw diff=  0 our 16,731n/7,873ms vs tri 70,964n/3,687ms [exact-adjudication]
opening#01 white win  diff= 53 our 17,209n/4,750ms vs tri 85,567n/3,512ms [exact-adjudication]
opening#02 black win  diff=  8 our 20,318n/5,474ms vs tri 92,887n/3,534ms [exact-adjudication]
opening#02 white loss diff=-12 our 18,373n/4,433ms vs tri 86,883n/3,628ms [exact-adjudication]
opening#03 black win  diff= 30 our 20,524n/5,909ms vs tri 118,169n/3,483ms [exact-adjudication]
opening#03 white win  diff= 18 our 19,117n/5,226ms vs tri 83,639n/3,654ms [exact-adjudication]
opening#04 black win  diff= 24 our 18,161n/4,854ms vs tri 80,344n/3,714ms [exact-adjudication]
opening#04 white loss diff=-16 our 17,394n/4,687ms vs tri 72,746n/3,579ms [exact-adjudication]
score: 5.5/8 (68.8%)
W-L-D: 5-2-1
avg disc diff: 13.13
exact adjudications: 8/8

Saved benchmark summary to /tmp/stage167_work/stage167_benchmark_reset_repo/tools/engine-match/out/_stage15x_restart_round6_base_overlay_parallel/results/noisy240-mtdf-seed29/s151-safe-full.json


STDERR:

