$ node tools/engine-match/benchmark-vs-trineutron.mjs --output-json tools/engine-match/out/_stage15x_restart_round7_longtime_individual/results/noisy3000-mtdf-seed29__s154-both.json --games 1 --opening-plies 20 --opening-source random --seed 29 --our-time-ms 3000 --their-time-ms 3000 --our-max-depth 6 --their-max-depth 18 --exact-endgame-empties 10 --solver-adjudication-empties 14 --solver-adjudication-time-ms 60000 --their-noise-scale 4 --variant-seed-mode shared --search-algorithm classic-mtdf-2ply --aspiration-window 60 --max-table-entries 90000 --variants custom --generated-module tools/evaluator-training/out/stage15x-support-stack/stage154-main-recenter/exported/s154-both.generated.js --engine-options-json tools/evaluator-training/out/stage15x-support-stack/stage154-main-recenter/engine-options/s154-both.json --variant-label s154-both

Opening source      : random
Opening plies       : 20
Opening seed range  : 29..29
Our search          : classic-mtdf-2ply (Classic MTD(f)), aspiration=60, table=90000
Our engine time     : 3000ms, depth=6, exactEndgameEmpties=10
Solver adjudication : empties<=14, time=60000ms, depth=14
Trineutron time     : 3000ms, depth=18, noiseScale=4
Variant seed mode   : shared
Variants            : custom
Custom profiles     : eval=balanced13-alllate-smoothed stability extras 0.90x, ordering=stage154-main-recenter__move-ordering__superset, tuple=diagonal-top24-latea-endgame-patched-calibrated, mpc=stage154-main-recenter__runtime-mpc__overlapBothSoftLow, pattern-bank=1, ordering-pattern-bank=0
Custom engine opts  : /mnt/data/long_stage167/stage167_benchmark_reset_repo/tools/evaluator-training/out/stage15x-support-stack/stage154-main-recenter/engine-options/s154-both.json
Custom module path  : /mnt/data/long_stage167/stage167_benchmark_reset_repo/tools/evaluator-training/out/stage15x-support-stack/stage154-main-recenter/exported/s154-both.generated.js
Games per variant   : 1 openings x 2 colors = 2

[variant: s154-both]
opening#01 black loss diff=-18 our 79,838n/7,191ms vs tri 2,582,097n/39,007ms [exact-adjudication]
opening#01 white win  diff= 12 our 53,927n/5,451ms vs tri 2,752,012n/39,005ms [exact-adjudication]
score: 1/2 (50.0%)
W-L-D: 1-1-0
avg disc diff: -3.00
exact adjudications: 2/2

Saved benchmark summary to /mnt/data/long_stage167/stage167_benchmark_reset_repo/tools/engine-match/out/_stage15x_restart_round7_longtime_individual/results/noisy3000-mtdf-seed29__s154-both.json
