$ node /tmp/stage167_work/stage167_benchmark_reset_repo/tools/engine-match/benchmark-vs-trineutron.mjs --variants custom --games 4 --opening-plies 20 --seed 53 --our-time-ms 240 --their-time-ms 240 --our-max-depth 6 --their-max-depth 18 --search-algorithm classic-mtdf-2ply --aspiration-window 60 --max-table-entries 90000 --exact-endgame-empties 10 --solver-adjudication-empties 14 --solver-adjudication-time-ms 60000 --solver-adjudication-max-depth 14 --their-noise-scale 4 --variant-seed-mode shared --output-json /tmp/stage167_work/stage167_benchmark_reset_repo/tools/engine-match/out/_stage15x_restart_round6_base_overlay_parallel/results/noisy240-mtdf-seed53/s154-both-s158-both.json --variant-label s154-both + s158-zebra-both-probe --generated-module tools/evaluator-training/out/stage15x-support-stack/stage154-main-recenter/exported/s154-both.generated.js --engine-options-json tools/engine-match/out/stage15x-restart-benchmark-pack/phase6-base-overlay/engine-options/s154-both-s158-both.json

STDOUT:
Opening source      : random
Opening plies       : 20
Opening seed range  : 53..56
Our search          : classic-mtdf-2ply (Classic MTD(f)), aspiration=60, table=90000
Our engine time     : 240ms, depth=6, exactEndgameEmpties=10
Solver adjudication : empties<=14, time=60000ms, depth=14
Trineutron time     : 240ms, depth=18, noiseScale=4
Variant seed mode   : shared
Variants            : custom
Custom profiles     : eval=balanced13-alllate-smoothed stability extras 0.90x, ordering=stage154-main-recenter__move-ordering__superset, tuple=diagonal-top24-latea-endgame-patched-calibrated, mpc=stage154-main-recenter__runtime-mpc__overlapBothSoftLow, pattern-bank=1, ordering-pattern-bank=0
Custom engine opts  : /tmp/stage167_work/stage167_benchmark_reset_repo/tools/engine-match/out/stage15x-restart-benchmark-pack/phase6-base-overlay/engine-options/s154-both-s158-both.json
Custom module path  : /tmp/stage167_work/stage167_benchmark_reset_repo/tools/evaluator-training/out/stage15x-support-stack/stage154-main-recenter/exported/s154-both.generated.js
Games per variant   : 4 openings x 2 colors = 8

[variant: s154-both + s158-zebra-both-probe]
opening#01 black win  diff= 26 our 16,100n/6,088ms vs tri 93,726n/3,572ms [exact-adjudication]
opening#01 white win  diff=  2 our 24,312n/8,094ms vs tri 91,871n/3,653ms [exact-adjudication]
opening#02 black loss diff=-32 our 24,074n/8,124ms vs tri 79,690n/3,573ms [exact-adjudication]
opening#02 white win  diff= 30 our 20,311n/7,189ms vs tri 69,170n/3,572ms [exact-adjudication]
opening#03 black win  diff= 26 our 30,200n/11,866ms vs tri 74,974n/3,552ms [exact-adjudication]
opening#03 white win  diff= 12 our 18,688n/6,518ms vs tri 74,767n/3,567ms [exact-adjudication]
opening#04 black win  diff= 22 our 21,781n/8,159ms vs tri 80,300n/3,532ms [exact-adjudication]
opening#04 white win  diff= 18 our 19,956n/7,929ms vs tri 73,248n/3,856ms [exact-adjudication]
score: 7/8 (87.5%)
W-L-D: 7-1-0
avg disc diff: 13.00
exact adjudications: 8/8

Saved benchmark summary to /tmp/stage167_work/stage167_benchmark_reset_repo/tools/engine-match/out/_stage15x_restart_round6_base_overlay_parallel/results/noisy240-mtdf-seed53/s154-both-s158-both.json


STDERR:

