$ node /tmp/stage167_work/stage167_benchmark_reset_repo/tools/engine-match/benchmark-vs-trineutron.mjs --variants custom --games 4 --opening-plies 20 --seed 53 --our-time-ms 240 --their-time-ms 240 --our-max-depth 6 --their-max-depth 18 --search-algorithm classic-mtdf-2ply --aspiration-window 60 --max-table-entries 90000 --exact-endgame-empties 10 --solver-adjudication-empties 14 --solver-adjudication-time-ms 60000 --solver-adjudication-max-depth 14 --their-noise-scale 4 --variant-seed-mode shared --output-json /tmp/stage167_work/stage167_benchmark_reset_repo/tools/engine-match/out/_stage15x_restart_round6_base_overlay_parallel/results/noisy240-mtdf-seed53/s154-main.json --variant-label s154-main --generated-module tools/evaluator-training/out/stage15x-support-stack/stage154-main-recenter/exported/s154-main.generated.js --engine-options-json tools/evaluator-training/out/stage15x-support-stack/stage154-main-recenter/engine-options/s154-main.json

STDOUT:
Opening source      : random
Opening plies       : 20
Opening seed range  : 53..56
Our search          : classic-mtdf-2ply (Classic MTD(f)), aspiration=60, table=90000
Our engine time     : 240ms, depth=6, exactEndgameEmpties=10
Solver adjudication : empties<=14, time=60000ms, depth=14
Trineutron time     : 240ms, depth=18, noiseScale=4
Variant seed mode   : shared
Variants            : custom
Custom profiles     : eval=balanced13-alllate-smoothed stability extras 0.90x, ordering=stage154-main-recenter__move-ordering__balanced, tuple=diagonal-top24-latea-endgame-patched-calibrated, mpc=stage154-main-recenter__runtime-mpc__overlapHighTight, pattern-bank=1, ordering-pattern-bank=0
Custom engine opts  : /tmp/stage167_work/stage167_benchmark_reset_repo/tools/evaluator-training/out/stage15x-support-stack/stage154-main-recenter/engine-options/s154-main.json
Custom module path  : /tmp/stage167_work/stage167_benchmark_reset_repo/tools/evaluator-training/out/stage15x-support-stack/stage154-main-recenter/exported/s154-main.generated.js
Games per variant   : 4 openings x 2 colors = 8

[variant: s154-main]
opening#01 black win  diff= 37 our 14,951n/5,772ms vs tri 76,467n/3,624ms [exact-adjudication]
opening#01 white win  diff=  2 our 20,611n/5,519ms vs tri 85,281n/3,636ms [exact-adjudication]
opening#02 black loss diff=-22 our 26,741n/7,993ms vs tri 73,039n/3,488ms [exact-adjudication]
opening#02 white win  diff= 62 our 46,218n/18,055ms vs tri 56,403n/3,682ms [exact-adjudication]
opening#03 black win  diff= 26 our 21,156n/6,044ms vs tri 80,655n/3,544ms [exact-adjudication]
opening#03 white win  diff= 36 our 17,080n/4,100ms vs tri 85,643n/3,605ms [exact-adjudication]
opening#04 black win  diff= 32 our 15,753n/5,113ms vs tri 57,031n/3,600ms [exact-adjudication]
opening#04 white loss diff=-34 our 14,476n/5,033ms vs tri 51,430n/3,637ms [exact-adjudication]
score: 6/8 (75.0%)
W-L-D: 6-2-0
avg disc diff: 17.38
exact adjudications: 8/8

Saved benchmark summary to /tmp/stage167_work/stage167_benchmark_reset_repo/tools/engine-match/out/_stage15x_restart_round6_base_overlay_parallel/results/noisy240-mtdf-seed53/s154-main.json


STDERR:

