$ node /tmp/stage167_work/stage167_benchmark_reset_repo/tools/engine-match/benchmark-vs-trineutron.mjs --variants custom --games 4 --opening-plies 20 --seed 53 --our-time-ms 240 --their-time-ms 240 --our-max-depth 6 --their-max-depth 18 --search-algorithm classic-mtdf-2ply --aspiration-window 60 --max-table-entries 90000 --exact-endgame-empties 10 --solver-adjudication-empties 14 --solver-adjudication-time-ms 60000 --solver-adjudication-max-depth 14 --their-noise-scale 4 --variant-seed-mode shared --output-json /tmp/stage167_work/stage167_benchmark_reset_repo/tools/engine-match/out/_stage15x_restart_round6_base_overlay_parallel/results/noisy240-mtdf-seed53/s154-main-s158-quiet.json --variant-label s154-main + s158-stable-quiet --generated-module tools/evaluator-training/out/stage15x-support-stack/stage154-main-recenter/exported/s154-main.generated.js --engine-options-json tools/engine-match/out/stage15x-restart-benchmark-pack/phase6-base-overlay/engine-options/s154-main-s158-quiet.json

STDOUT:
Opening source      : random
Opening plies       : 20
Opening seed range  : 53..56
Our search          : classic-mtdf-2ply (Classic MTD(f)), aspiration=60, table=90000
Our engine time     : 240ms, depth=6, exactEndgameEmpties=10
Solver adjudication : empties<=14, time=60000ms, depth=14
Trineutron time     : 240ms, depth=18, noiseScale=4
Variant seed mode   : shared
Variants            : custom
Custom profiles     : eval=balanced13-alllate-smoothed stability extras 0.90x, ordering=stage154-main-recenter__move-ordering__balanced, tuple=diagonal-top24-latea-endgame-patched-calibrated, mpc=stage154-main-recenter__runtime-mpc__overlapHighTight, pattern-bank=1, ordering-pattern-bank=0
Custom engine opts  : /tmp/stage167_work/stage167_benchmark_reset_repo/tools/engine-match/out/stage15x-restart-benchmark-pack/phase6-base-overlay/engine-options/s154-main-s158-quiet.json
Custom module path  : /tmp/stage167_work/stage167_benchmark_reset_repo/tools/evaluator-training/out/stage15x-support-stack/stage154-main-recenter/exported/s154-main.generated.js
Games per variant   : 4 openings x 2 colors = 8

[variant: s154-main + s158-stable-quiet]
opening#01 black win  diff= 26 our 16,668n/7,112ms vs tri 77,866n/3,641ms [exact-adjudication]
opening#01 white loss diff= -8 our 33,568n/14,963ms vs tri 76,042n/3,777ms [exact-adjudication]
opening#02 black win  diff=  8 our 17,213n/5,104ms vs tri 82,929n/3,483ms [exact-adjudication]
opening#02 white win  diff= 30 our 21,388n/6,490ms vs tri 82,936n/3,502ms [exact-adjudication]
opening#03 black win  diff= 26 our 29,115n/12,997ms vs tri 72,049n/3,554ms [exact-adjudication]
opening#03 white win  diff= 36 our 16,019n/4,749ms vs tri 87,011n/3,561ms [exact-adjudication]
opening#04 black win  diff= 30 our 18,574n/7,039ms vs tri 67,435n/3,647ms [exact-adjudication]
opening#04 white win  diff= 18 our 21,399n/6,559ms vs tri 93,968n/3,568ms [exact-adjudication]
score: 7/8 (87.5%)
W-L-D: 7-1-0
avg disc diff: 20.75
exact adjudications: 8/8

Saved benchmark summary to /tmp/stage167_work/stage167_benchmark_reset_repo/tools/engine-match/out/_stage15x_restart_round6_base_overlay_parallel/results/noisy240-mtdf-seed53/s154-main-s158-quiet.json


STDERR:

