$ node /tmp/stage167_work/stage167_benchmark_reset_repo/tools/engine-match/benchmark-vs-trineutron.mjs --variants custom --games 4 --opening-plies 20 --seed 53 --our-time-ms 240 --their-time-ms 240 --our-max-depth 6 --their-max-depth 18 --search-algorithm classic-mtdf-2ply --aspiration-window 60 --max-table-entries 90000 --exact-endgame-empties 10 --solver-adjudication-empties 14 --solver-adjudication-time-ms 60000 --solver-adjudication-max-depth 14 --their-noise-scale 4 --variant-seed-mode shared --output-json /tmp/stage167_work/stage167_benchmark_reset_repo/tools/engine-match/out/_stage15x_restart_round6_base_overlay_parallel/results/noisy240-mtdf-seed53/s154-both.json --variant-label s154-both --generated-module tools/evaluator-training/out/stage15x-support-stack/stage154-main-recenter/exported/s154-both.generated.js --engine-options-json tools/evaluator-training/out/stage15x-support-stack/stage154-main-recenter/engine-options/s154-both.json

STDOUT:
Opening source      : random
Opening plies       : 20
Opening seed range  : 53..56
Our search          : classic-mtdf-2ply (Classic MTD(f)), aspiration=60, table=90000
Our engine time     : 240ms, depth=6, exactEndgameEmpties=10
Solver adjudication : empties<=14, time=60000ms, depth=14
Trineutron time     : 240ms, depth=18, noiseScale=4
Variant seed mode   : shared
Variants            : custom
Custom profiles     : eval=balanced13-alllate-smoothed stability extras 0.90x, ordering=stage154-main-recenter__move-ordering__superset, tuple=diagonal-top24-latea-endgame-patched-calibrated, mpc=stage154-main-recenter__runtime-mpc__overlapBothSoftLow, pattern-bank=1, ordering-pattern-bank=0
Custom engine opts  : /tmp/stage167_work/stage167_benchmark_reset_repo/tools/evaluator-training/out/stage15x-support-stack/stage154-main-recenter/engine-options/s154-both.json
Custom module path  : /tmp/stage167_work/stage167_benchmark_reset_repo/tools/evaluator-training/out/stage15x-support-stack/stage154-main-recenter/exported/s154-both.generated.js
Games per variant   : 4 openings x 2 colors = 8

[variant: s154-both]
opening#01 black win  diff= 32 our 18,881n/6,338ms vs tri 85,795n/3,614ms [exact-adjudication]
opening#01 white win  diff=  2 our 22,908n/5,257ms vs tri 95,355n/3,635ms [exact-adjudication]
opening#02 black loss diff=-26 our 28,185n/8,695ms vs tri 81,842n/3,538ms [exact-adjudication]
opening#02 white win  diff= 62 our 47,500n/18,412ms vs tri 66,549n/3,729ms [exact-adjudication]
opening#03 black win  diff= 26 our 22,416n/5,821ms vs tri 79,652n/3,484ms [exact-adjudication]
opening#03 white win  diff= 36 our 15,620n/4,209ms vs tri 79,307n/3,483ms [exact-adjudication]
opening#04 black win  diff= 30 our 19,395n/6,267ms vs tri 59,622n/3,585ms [exact-adjudication]
opening#04 white win  diff= 18 our 23,858n/6,117ms vs tri 83,710n/3,577ms [exact-adjudication]
score: 7/8 (87.5%)
W-L-D: 7-1-0
avg disc diff: 22.50
exact adjudications: 8/8

Saved benchmark summary to /tmp/stage167_work/stage167_benchmark_reset_repo/tools/engine-match/out/_stage15x_restart_round6_base_overlay_parallel/results/noisy240-mtdf-seed53/s154-both.json


STDERR:

