$ node tools/engine-match/benchmark-vs-trineutron.mjs --output-json tools/engine-match/out/_stage15x_restart_round8_1500ms_individual/results/noisy1500-mtdf-seed53__s154-main-s158-open.json --games 1 --opening-plies 20 --opening-source random --seed 53 --our-time-ms 1500 --their-time-ms 1500 --our-max-depth 6 --their-max-depth 18 --exact-endgame-empties 10 --solver-adjudication-empties 14 --solver-adjudication-time-ms 60000 --their-noise-scale 4 --variant-seed-mode shared --search-algorithm classic-mtdf-2ply --aspiration-window 60 --max-table-entries 90000 --variants custom --generated-module tools/evaluator-training/out/stage15x-support-stack/stage154-main-recenter/exported/s154-main.generated.js --engine-options-json tools/engine-match/out/stage15x-restart-benchmark-pack/phase6-base-overlay/engine-options/s154-main-s158-open.json --variant-label s154-main + s158-stable-zebra-open

Opening source      : random
Opening plies       : 20
Opening seed range  : 53..53
Our search          : classic-mtdf-2ply (Classic MTD(f)), aspiration=60, table=90000
Our engine time     : 1500ms, depth=6, exactEndgameEmpties=10
Solver adjudication : empties<=14, time=60000ms, depth=14
Trineutron time     : 1500ms, depth=18, noiseScale=4
Variant seed mode   : shared
Variants            : custom
Custom profiles     : eval=balanced13-alllate-smoothed stability extras 0.90x, ordering=stage154-main-recenter__move-ordering__balanced, tuple=diagonal-top24-latea-endgame-patched-calibrated, mpc=stage154-main-recenter__runtime-mpc__overlapHighTight, pattern-bank=1, ordering-pattern-bank=0
Custom engine opts  : /mnt/data/round8_stage167/stage167_benchmark_reset_repo/tools/engine-match/out/stage15x-restart-benchmark-pack/phase6-base-overlay/engine-options/s154-main-s158-open.json
Custom module path  : /mnt/data/round8_stage167/stage167_benchmark_reset_repo/tools/evaluator-training/out/stage15x-support-stack/stage154-main-recenter/exported/s154-main.generated.js
Games per variant   : 1 openings x 2 colors = 2

[variant: s154-main + s158-stable-zebra-open]
opening#01 black win  diff= 24 our 55,834n/4,077ms vs tri 2,462,437n/19,503ms [exact-adjudication]
opening#01 white loss diff=-18 our 63,949n/4,644ms vs tri 2,406,019n/19,525ms [exact-adjudication]
score: 1/2 (50.0%)
W-L-D: 1-1-0
avg disc diff: 3.00
exact adjudications: 2/2

Saved benchmark summary to /mnt/data/round8_stage167/stage167_benchmark_reset_repo/tools/engine-match/out/_stage15x_restart_round8_1500ms_individual/results/noisy1500-mtdf-seed53__s154-main-s158-open.json
