$ node /tmp/stage167_work/stage167_benchmark_reset_repo/tools/engine-match/benchmark-vs-trineutron.mjs --variants active --games 4 --opening-plies 20 --seed 89 --our-time-ms 240 --their-time-ms 240 --our-max-depth 6 --their-max-depth 18 --search-algorithm classic --aspiration-window 60 --max-table-entries 90000 --exact-endgame-empties 10 --solver-adjudication-empties 14 --solver-adjudication-time-ms 60000 --solver-adjudication-max-depth 14 --their-noise-scale 4 --variant-seed-mode shared --output-json /tmp/stage167_work/stage167_benchmark_reset_repo/tools/engine-match/out/_stage15x_restart_round6_base_overlay_parallel/results/noisy240-pvs-seed89/active.json

STDOUT:
Opening source      : random
Opening plies       : 20
Opening seed range  : 89..92
Our search          : classic (Classic PVS), aspiration=60, table=90000
Our engine time     : 240ms, depth=6, exactEndgameEmpties=10
Solver adjudication : empties<=14, time=60000ms, depth=14
Trineutron time     : 240ms, depth=18, noiseScale=4
Variant seed mode   : shared
Variants            : active
Games per variant   : 4 openings x 2 colors = 8

[variant: active-generated+ordering (balanced13-alllate-smoothed stability extras 0.90x / trained-move-ordering-linear-v2 / diagonal-top24-latea-endgame-patched-calibrated / balanced13-alllate-smoothed-stability-090__runtime-mpc / no pattern-bank)]
opening#01 black win  diff= 28 our 26,295n/5,821ms vs tri 74,249n/3,660ms [exact-adjudication]
opening#01 white win  diff= 12 our 25,976n/5,214ms vs tri 66,530n/3,611ms [exact-adjudication]
opening#02 black loss diff=-22 our 30,977n/6,139ms vs tri 88,949n/3,614ms [exact-adjudication]
opening#02 white loss diff= -2 our 28,182n/4,373ms vs tri 83,720n/3,648ms [exact-adjudication]
opening#03 black win  diff=  8 our 23,116n/4,550ms vs tri 70,321n/3,700ms [exact-adjudication]
opening#03 white draw diff=  0 our 27,839n/5,302ms vs tri 81,447n/3,642ms [exact-adjudication]
opening#04 black win  diff= 52 our 30,660n/6,467ms vs tri 81,030n/3,567ms [exact-adjudication]
opening#04 white loss diff= -4 our 27,737n/7,150ms vs tri 71,211n/3,511ms [exact-adjudication]
score: 4.5/8 (56.3%)
W-L-D: 4-3-1
avg disc diff: 9.00
exact adjudications: 8/8

Saved benchmark summary to /tmp/stage167_work/stage167_benchmark_reset_repo/tools/engine-match/out/_stage15x_restart_round6_base_overlay_parallel/results/noisy240-pvs-seed89/active.json


STDERR:

