$ node /tmp/stage167_work/stage167_benchmark_reset_repo/tools/engine-match/benchmark-vs-trineutron.mjs --variants custom --games 4 --opening-plies 20 --seed 89 --our-time-ms 240 --their-time-ms 240 --our-max-depth 6 --their-max-depth 18 --search-algorithm classic --aspiration-window 60 --max-table-entries 90000 --exact-endgame-empties 10 --solver-adjudication-empties 14 --solver-adjudication-time-ms 60000 --solver-adjudication-max-depth 14 --their-noise-scale 4 --variant-seed-mode shared --output-json /tmp/stage167_work/stage167_benchmark_reset_repo/tools/engine-match/out/_stage15x_restart_round6_base_overlay_parallel/results/noisy240-pvs-seed89/s154-main-s158-quiet.json --variant-label s154-main + s158-stable-quiet --generated-module tools/evaluator-training/out/stage15x-support-stack/stage154-main-recenter/exported/s154-main.generated.js --engine-options-json tools/engine-match/out/stage15x-restart-benchmark-pack/phase6-base-overlay/engine-options/s154-main-s158-quiet.json

STDOUT:
Opening source      : random
Opening plies       : 20
Opening seed range  : 89..92
Our search          : classic (Classic PVS), aspiration=60, table=90000
Our engine time     : 240ms, depth=6, exactEndgameEmpties=10
Solver adjudication : empties<=14, time=60000ms, depth=14
Trineutron time     : 240ms, depth=18, noiseScale=4
Variant seed mode   : shared
Variants            : custom
Custom profiles     : eval=balanced13-alllate-smoothed stability extras 0.90x, ordering=stage154-main-recenter__move-ordering__balanced, tuple=diagonal-top24-latea-endgame-patched-calibrated, mpc=stage154-main-recenter__runtime-mpc__overlapHighTight, pattern-bank=1, ordering-pattern-bank=0
Custom engine opts  : /tmp/stage167_work/stage167_benchmark_reset_repo/tools/engine-match/out/stage15x-restart-benchmark-pack/phase6-base-overlay/engine-options/s154-main-s158-quiet.json
Custom module path  : /tmp/stage167_work/stage167_benchmark_reset_repo/tools/evaluator-training/out/stage15x-support-stack/stage154-main-recenter/exported/s154-main.generated.js
Games per variant   : 4 openings x 2 colors = 8

[variant: s154-main + s158-stable-quiet]
opening#01 black win  diff= 32 our 24,444n/13,018ms vs tri 66,090n/3,563ms [exact-adjudication]
opening#01 white loss diff=-48 our 23,235n/7,477ms vs tri 62,340n/3,409ms [exact-adjudication]
opening#02 black win  diff= 12 our 25,247n/7,026ms vs tri 107,366n/3,324ms [exact-adjudication]
opening#02 white win  diff= 16 our 23,505n/5,573ms vs tri 108,766n/3,294ms [exact-adjudication]
opening#03 black win  diff= 28 our 30,099n/7,748ms vs tri 84,259n/3,313ms [exact-adjudication]
opening#03 white loss diff=-38 our 20,996n/6,344ms vs tri 82,122n/3,444ms [exact-adjudication]
opening#04 black win  diff= 40 our 24,411n/6,503ms vs tri 100,183n/3,221ms [exact-adjudication]
opening#04 white win  diff= 26 our 20,003n/5,768ms vs tri 94,356n/3,322ms [exact-adjudication]
score: 6/8 (75.0%)
W-L-D: 6-2-0
avg disc diff: 8.50
exact adjudications: 8/8

Saved benchmark summary to /tmp/stage167_work/stage167_benchmark_reset_repo/tools/engine-match/out/_stage15x_restart_round6_base_overlay_parallel/results/noisy240-pvs-seed89/s154-main-s158-quiet.json


STDERR:

