$ node /tmp/stage167_work/stage167_benchmark_reset_repo/tools/engine-match/benchmark-vs-trineutron.mjs --variants custom --games 4 --opening-plies 20 --seed 89 --our-time-ms 240 --their-time-ms 240 --our-max-depth 6 --their-max-depth 18 --search-algorithm classic --aspiration-window 60 --max-table-entries 90000 --exact-endgame-empties 10 --solver-adjudication-empties 14 --solver-adjudication-time-ms 60000 --solver-adjudication-max-depth 14 --their-noise-scale 4 --variant-seed-mode shared --output-json /tmp/stage167_work/stage167_benchmark_reset_repo/tools/engine-match/out/_stage15x_restart_round6_base_overlay_parallel/results/noisy240-pvs-seed89/s154-both-s158-both.json --variant-label s154-both + s158-zebra-both-probe --generated-module tools/evaluator-training/out/stage15x-support-stack/stage154-main-recenter/exported/s154-both.generated.js --engine-options-json tools/engine-match/out/stage15x-restart-benchmark-pack/phase6-base-overlay/engine-options/s154-both-s158-both.json

STDOUT:
Opening source      : random
Opening plies       : 20
Opening seed range  : 89..92
Our search          : classic (Classic PVS), aspiration=60, table=90000
Our engine time     : 240ms, depth=6, exactEndgameEmpties=10
Solver adjudication : empties<=14, time=60000ms, depth=14
Trineutron time     : 240ms, depth=18, noiseScale=4
Variant seed mode   : shared
Variants            : custom
Custom profiles     : eval=balanced13-alllate-smoothed stability extras 0.90x, ordering=stage154-main-recenter__move-ordering__superset, tuple=diagonal-top24-latea-endgame-patched-calibrated, mpc=stage154-main-recenter__runtime-mpc__overlapBothSoftLow, pattern-bank=1, ordering-pattern-bank=0
Custom engine opts  : /tmp/stage167_work/stage167_benchmark_reset_repo/tools/engine-match/out/stage15x-restart-benchmark-pack/phase6-base-overlay/engine-options/s154-both-s158-both.json
Custom module path  : /tmp/stage167_work/stage167_benchmark_reset_repo/tools/evaluator-training/out/stage15x-support-stack/stage154-main-recenter/exported/s154-both.generated.js
Games per variant   : 4 openings x 2 colors = 8

[variant: s154-both + s158-zebra-both-probe]
opening#01 black win  diff= 32 our 23,398n/9,968ms vs tri 70,630n/3,559ms [exact-adjudication]
opening#01 white loss diff=-48 our 23,348n/7,429ms vs tri 75,245n/3,307ms [exact-adjudication]
opening#02 black win  diff=  6 our 25,933n/6,508ms vs tri 110,494n/3,313ms [exact-adjudication]
opening#02 white loss diff=-22 our 20,215n/3,853ms vs tri 115,136n/3,295ms [exact-adjudication]
opening#03 black win  diff= 22 our 35,016n/11,520ms vs tri 95,413n/3,335ms [exact-adjudication]
opening#03 white win  diff= 12 our 24,961n/6,088ms vs tri 98,022n/3,335ms [exact-adjudication]
opening#04 black win  diff= 42 our 28,098n/7,538ms vs tri 102,781n/3,310ms [exact-adjudication]
opening#04 white loss diff=-20 our 29,561n/4,809ms vs tri 156,791n/3,143ms [exact-adjudication]
score: 5/8 (62.5%)
W-L-D: 5-3-0
avg disc diff: 3.00
exact adjudications: 8/8

Saved benchmark summary to /tmp/stage167_work/stage167_benchmark_reset_repo/tools/engine-match/out/_stage15x_restart_round6_base_overlay_parallel/results/noisy240-pvs-seed89/s154-both-s158-both.json


STDERR:

