$ node /tmp/stage167_work/stage167_benchmark_reset_repo/tools/engine-match/benchmark-vs-trineutron.mjs --variants custom --games 4 --opening-plies 20 --seed 89 --our-time-ms 240 --their-time-ms 240 --our-max-depth 6 --their-max-depth 18 --search-algorithm classic --aspiration-window 60 --max-table-entries 90000 --exact-endgame-empties 10 --solver-adjudication-empties 14 --solver-adjudication-time-ms 60000 --solver-adjudication-max-depth 14 --their-noise-scale 4 --variant-seed-mode shared --output-json /tmp/stage167_work/stage167_benchmark_reset_repo/tools/engine-match/out/_stage15x_restart_round6_base_overlay_parallel/results/noisy240-pvs-seed89/s154-main-s158-open.json --variant-label s154-main + s158-stable-zebra-open --generated-module tools/evaluator-training/out/stage15x-support-stack/stage154-main-recenter/exported/s154-main.generated.js --engine-options-json tools/engine-match/out/stage15x-restart-benchmark-pack/phase6-base-overlay/engine-options/s154-main-s158-open.json

STDOUT:
Opening source      : random
Opening plies       : 20
Opening seed range  : 89..92
Our search          : classic (Classic PVS), aspiration=60, table=90000
Our engine time     : 240ms, depth=6, exactEndgameEmpties=10
Solver adjudication : empties<=14, time=60000ms, depth=14
Trineutron time     : 240ms, depth=18, noiseScale=4
Variant seed mode   : shared
Variants            : custom
Custom profiles     : eval=balanced13-alllate-smoothed stability extras 0.90x, ordering=stage154-main-recenter__move-ordering__balanced, tuple=diagonal-top24-latea-endgame-patched-calibrated, mpc=stage154-main-recenter__runtime-mpc__overlapHighTight, pattern-bank=1, ordering-pattern-bank=0
Custom engine opts  : /tmp/stage167_work/stage167_benchmark_reset_repo/tools/engine-match/out/stage15x-restart-benchmark-pack/phase6-base-overlay/engine-options/s154-main-s158-open.json
Custom module path  : /tmp/stage167_work/stage167_benchmark_reset_repo/tools/evaluator-training/out/stage15x-support-stack/stage154-main-recenter/exported/s154-main.generated.js
Games per variant   : 4 openings x 2 colors = 8

[variant: s154-main + s158-stable-zebra-open]
opening#01 black win  diff= 20 our 23,951n/11,260ms vs tri 72,368n/3,579ms [exact-adjudication]
opening#01 white loss diff=-10 our 27,564n/7,638ms vs tri 82,463n/3,338ms [exact-adjudication]
opening#02 black win  diff=  6 our 23,848n/5,729ms vs tri 116,174n/3,283ms [exact-adjudication]
opening#02 white win  diff= 12 our 19,757n/4,176ms vs tri 122,220n/3,309ms [exact-adjudication]
opening#03 black win  diff= 22 our 34,737n/11,563ms vs tri 92,127n/3,337ms [exact-adjudication]
opening#03 white win  diff= 12 our 24,995n/6,162ms vs tri 100,927n/3,327ms [exact-adjudication]
opening#04 black win  diff= 42 our 27,095n/7,548ms vs tri 98,316n/3,282ms [exact-adjudication]
opening#04 white win  diff= 16 our 26,680n/4,523ms vs tri 146,639n/3,134ms [exact-adjudication]
score: 7/8 (87.5%)
W-L-D: 7-1-0
avg disc diff: 15.00
exact adjudications: 8/8

Saved benchmark summary to /tmp/stage167_work/stage167_benchmark_reset_repo/tools/engine-match/out/_stage15x_restart_round6_base_overlay_parallel/results/noisy240-pvs-seed89/s154-main-s158-open.json


STDERR:

