$ node /tmp/stage167_work/stage167_benchmark_reset_repo/tools/engine-match/benchmark-vs-trineutron.mjs --variants custom --games 4 --opening-plies 20 --seed 71 --our-time-ms 240 --their-time-ms 240 --our-max-depth 6 --their-max-depth 18 --search-algorithm classic --aspiration-window 60 --max-table-entries 90000 --exact-endgame-empties 10 --solver-adjudication-empties 14 --solver-adjudication-time-ms 60000 --solver-adjudication-max-depth 14 --their-noise-scale 4 --variant-seed-mode shared --output-json /tmp/stage167_work/stage167_benchmark_reset_repo/tools/engine-match/out/_stage15x_restart_round6_base_overlay_parallel/results/noisy240-pvs-seed71/s151-safe-full.json --variant-label s151-safe-full --generated-module tools/evaluator-training/out/stage15x-support-stack/stage151-split-late3/exported/s151-safe-full.generated.js --engine-options-json tools/evaluator-training/out/stage15x-support-stack/stage151-split-late3/engine-options/s151-safe-full.json

STDOUT:
Opening source      : random
Opening plies       : 20
Opening seed range  : 71..74
Our search          : classic (Classic PVS), aspiration=60, table=90000
Our engine time     : 240ms, depth=6, exactEndgameEmpties=10
Solver adjudication : empties<=14, time=60000ms, depth=14
Trineutron time     : 240ms, depth=18, noiseScale=4
Variant seed mode   : shared
Variants            : custom
Custom profiles     : eval=balanced13-alllate-smoothed stability extras 0.90x, ordering=stage151-split-late3__move-ordering__safe, tuple=diagonal-top24-latea-endgame-patched-calibrated, mpc=stage151-split-late3__runtime-mpc__safe4High, pattern-bank=1, ordering-pattern-bank=1
Custom engine opts  : /tmp/stage167_work/stage167_benchmark_reset_repo/tools/evaluator-training/out/stage15x-support-stack/stage151-split-late3/engine-options/s151-safe-full.json
Custom module path  : /tmp/stage167_work/stage167_benchmark_reset_repo/tools/evaluator-training/out/stage15x-support-stack/stage151-split-late3/exported/s151-safe-full.generated.js
Games per variant   : 4 openings x 2 colors = 8

[variant: s151-safe-full]
opening#01 black win  diff= 22 our 15,932n/6,508ms vs tri 65,307n/3,614ms [exact-adjudication]
opening#01 white win  diff=  4 our 15,275n/5,170ms vs tri 60,595n/3,622ms [exact-adjudication]
opening#02 black loss diff=-34 our 19,010n/4,675ms vs tri 91,318n/3,555ms [exact-adjudication]
opening#02 white win  diff= 58 our 20,964n/5,073ms vs tri 96,624n/3,375ms [exact-adjudication]
opening#03 black loss diff=-32 our 17,753n/4,993ms vs tri 85,924n/3,614ms [exact-adjudication]
opening#03 white win  diff= 48 our 17,842n/4,896ms vs tri 87,950n/3,663ms [exact-adjudication]
opening#04 black win  diff= 20 our 16,265n/5,022ms vs tri 60,620n/3,655ms [exact-adjudication]
opening#04 white loss diff=-50 our 16,661n/4,716ms vs tri 75,603n/3,577ms [exact-adjudication]
score: 5/8 (62.5%)
W-L-D: 5-3-0
avg disc diff: 4.50
exact adjudications: 8/8

Saved benchmark summary to /tmp/stage167_work/stage167_benchmark_reset_repo/tools/engine-match/out/_stage15x_restart_round6_base_overlay_parallel/results/noisy240-pvs-seed71/s151-safe-full.json


STDERR:

