$ node /tmp/stage167_work/stage167_benchmark_reset_repo/tools/engine-match/benchmark-vs-trineutron.mjs --variants custom --games 4 --opening-plies 20 --seed 71 --our-time-ms 240 --their-time-ms 240 --our-max-depth 6 --their-max-depth 18 --search-algorithm classic --aspiration-window 60 --max-table-entries 90000 --exact-endgame-empties 10 --solver-adjudication-empties 14 --solver-adjudication-time-ms 60000 --solver-adjudication-max-depth 14 --their-noise-scale 4 --variant-seed-mode shared --output-json /tmp/stage167_work/stage167_benchmark_reset_repo/tools/engine-match/out/_stage15x_restart_round6_base_overlay_parallel/results/noisy240-pvs-seed71/s151-full-both.json --variant-label s151-full-both --generated-module tools/evaluator-training/out/stage15x-support-stack/stage151-split-late3/exported/s151-full-both.generated.js --engine-options-json tools/evaluator-training/out/stage15x-support-stack/stage151-split-late3/engine-options/s151-full-both.json

STDOUT:
Opening source      : random
Opening plies       : 20
Opening seed range  : 71..74
Our search          : classic (Classic PVS), aspiration=60, table=90000
Our engine time     : 240ms, depth=6, exactEndgameEmpties=10
Solver adjudication : empties<=14, time=60000ms, depth=14
Trineutron time     : 240ms, depth=18, noiseScale=4
Variant seed mode   : shared
Variants            : custom
Custom profiles     : eval=balanced13-alllate-smoothed stability extras 0.90x, ordering=stage151-split-late3__move-ordering__superset, tuple=diagonal-top24-latea-endgame-patched-calibrated, mpc=stage151-split-late3__runtime-mpc__overlapBothSoftLow, pattern-bank=1, ordering-pattern-bank=1
Custom engine opts  : /tmp/stage167_work/stage167_benchmark_reset_repo/tools/evaluator-training/out/stage15x-support-stack/stage151-split-late3/engine-options/s151-full-both.json
Custom module path  : /tmp/stage167_work/stage167_benchmark_reset_repo/tools/evaluator-training/out/stage15x-support-stack/stage151-split-late3/exported/s151-full-both.generated.js
Games per variant   : 4 openings x 2 colors = 8

[variant: s151-full-both]
opening#01 black loss diff= -2 our 18,379n/7,212ms vs tri 70,280n/3,672ms [exact-adjudication]
opening#01 white win  diff= 10 our 16,382n/6,729ms vs tri 55,171n/3,739ms [exact-adjudication]
opening#02 black loss diff=-44 our 33,667n/9,987ms vs tri 84,926n/3,618ms [exact-adjudication]
opening#02 white win  diff= 56 our 22,848n/5,820ms vs tri 92,325n/3,235ms [exact-adjudication]
opening#03 black loss diff=-34 our 17,179n/4,937ms vs tri 78,009n/3,598ms [exact-adjudication]
opening#03 white win  diff= 48 our 18,653n/5,108ms vs tri 83,711n/3,682ms [exact-adjudication]
opening#04 black win  diff= 26 our 18,513n/6,141ms vs tri 63,436n/3,587ms [exact-adjudication]
opening#04 white loss diff=-18 our 19,971n/5,315ms vs tri 65,502n/3,923ms [exact-adjudication]
score: 4/8 (50.0%)
W-L-D: 4-4-0
avg disc diff: 5.25
exact adjudications: 8/8

Saved benchmark summary to /tmp/stage167_work/stage167_benchmark_reset_repo/tools/engine-match/out/_stage15x_restart_round6_base_overlay_parallel/results/noisy240-pvs-seed71/s151-full-both.json


STDERR:

