$ node /tmp/stage167_work/stage167_benchmark_reset_repo/tools/engine-match/benchmark-vs-trineutron.mjs --variants custom --games 4 --opening-plies 20 --seed 71 --our-time-ms 240 --their-time-ms 240 --our-max-depth 6 --their-max-depth 18 --search-algorithm classic --aspiration-window 60 --max-table-entries 90000 --exact-endgame-empties 10 --solver-adjudication-empties 14 --solver-adjudication-time-ms 60000 --solver-adjudication-max-depth 14 --their-noise-scale 4 --variant-seed-mode shared --output-json /tmp/stage167_work/stage167_benchmark_reset_repo/tools/engine-match/out/_stage15x_restart_round6_base_overlay_parallel/results/noisy240-pvs-seed71/s154-both.json --variant-label s154-both --generated-module tools/evaluator-training/out/stage15x-support-stack/stage154-main-recenter/exported/s154-both.generated.js --engine-options-json tools/evaluator-training/out/stage15x-support-stack/stage154-main-recenter/engine-options/s154-both.json

STDOUT:
Opening source      : random
Opening plies       : 20
Opening seed range  : 71..74
Our search          : classic (Classic PVS), aspiration=60, table=90000
Our engine time     : 240ms, depth=6, exactEndgameEmpties=10
Solver adjudication : empties<=14, time=60000ms, depth=14
Trineutron time     : 240ms, depth=18, noiseScale=4
Variant seed mode   : shared
Variants            : custom
Custom profiles     : eval=balanced13-alllate-smoothed stability extras 0.90x, ordering=stage154-main-recenter__move-ordering__superset, tuple=diagonal-top24-latea-endgame-patched-calibrated, mpc=stage154-main-recenter__runtime-mpc__overlapBothSoftLow, pattern-bank=1, ordering-pattern-bank=0
Custom engine opts  : /tmp/stage167_work/stage167_benchmark_reset_repo/tools/evaluator-training/out/stage15x-support-stack/stage154-main-recenter/engine-options/s154-both.json
Custom module path  : /tmp/stage167_work/stage167_benchmark_reset_repo/tools/evaluator-training/out/stage15x-support-stack/stage154-main-recenter/exported/s154-both.generated.js
Games per variant   : 4 openings x 2 colors = 8

[variant: s154-both]
opening#01 black loss diff=-20 our 17,795n/6,569ms vs tri 71,433n/3,588ms [exact-adjudication]
opening#01 white win  diff=  8 our 22,110n/6,200ms vs tri 73,502n/3,578ms [exact-adjudication]
opening#02 black loss diff=-28 our 25,114n/7,346ms vs tri 91,387n/3,668ms [exact-adjudication]
opening#02 white win  diff= 54 our 19,875n/5,128ms vs tri 67,117n/3,709ms [exact-adjudication]
opening#03 black loss diff=-48 our 18,245n/6,219ms vs tri 94,632n/3,486ms [exact-adjudication]
opening#03 white win  diff= 48 our 17,268n/4,890ms vs tri 89,226n/3,587ms [exact-adjudication]
opening#04 black win  diff= 18 our 18,962n/5,052ms vs tri 80,355n/3,631ms [exact-adjudication]
opening#04 white win  diff= 14 our 18,129n/5,186ms vs tri 61,207n/3,705ms [exact-adjudication]
score: 5/8 (62.5%)
W-L-D: 5-3-0
avg disc diff: 5.75
exact adjudications: 8/8

Saved benchmark summary to /tmp/stage167_work/stage167_benchmark_reset_repo/tools/engine-match/out/_stage15x_restart_round6_base_overlay_parallel/results/noisy240-pvs-seed71/s154-both.json


STDERR:

