$ node /tmp/stage167_work/stage167_benchmark_reset_repo/tools/engine-match/benchmark-vs-trineutron.mjs --variants custom --games 4 --opening-plies 20 --seed 71 --our-time-ms 240 --their-time-ms 240 --our-max-depth 6 --their-max-depth 18 --search-algorithm classic --aspiration-window 60 --max-table-entries 90000 --exact-endgame-empties 10 --solver-adjudication-empties 14 --solver-adjudication-time-ms 60000 --solver-adjudication-max-depth 14 --their-noise-scale 4 --variant-seed-mode shared --output-json /tmp/stage167_work/stage167_benchmark_reset_repo/tools/engine-match/out/_stage15x_restart_round6_base_overlay_parallel/results/noisy240-pvs-seed71/s154-both-s158-both.json --variant-label s154-both + s158-zebra-both-probe --generated-module tools/evaluator-training/out/stage15x-support-stack/stage154-main-recenter/exported/s154-both.generated.js --engine-options-json tools/engine-match/out/stage15x-restart-benchmark-pack/phase6-base-overlay/engine-options/s154-both-s158-both.json

STDOUT:
Opening source      : random
Opening plies       : 20
Opening seed range  : 71..74
Our search          : classic (Classic PVS), aspiration=60, table=90000
Our engine time     : 240ms, depth=6, exactEndgameEmpties=10
Solver adjudication : empties<=14, time=60000ms, depth=14
Trineutron time     : 240ms, depth=18, noiseScale=4
Variant seed mode   : shared
Variants            : custom
Custom profiles     : eval=balanced13-alllate-smoothed stability extras 0.90x, ordering=stage154-main-recenter__move-ordering__superset, tuple=diagonal-top24-latea-endgame-patched-calibrated, mpc=stage154-main-recenter__runtime-mpc__overlapBothSoftLow, pattern-bank=1, ordering-pattern-bank=0
Custom engine opts  : /tmp/stage167_work/stage167_benchmark_reset_repo/tools/engine-match/out/stage15x-restart-benchmark-pack/phase6-base-overlay/engine-options/s154-both-s158-both.json
Custom module path  : /tmp/stage167_work/stage167_benchmark_reset_repo/tools/evaluator-training/out/stage15x-support-stack/stage154-main-recenter/exported/s154-both.generated.js
Games per variant   : 4 openings x 2 colors = 8

[variant: s154-both + s158-zebra-both-probe]
opening#01 black loss diff=-22 our 27,389n/11,519ms vs tri 72,294n/3,574ms [exact-adjudication]
opening#01 white win  diff=  2 our 14,338n/5,453ms vs tri 70,455n/3,610ms [exact-adjudication]
opening#02 black loss diff=-49 our 27,910n/10,384ms vs tri 84,399n/3,652ms [exact-adjudication]
opening#02 white win  diff= 58 our 19,812n/5,604ms vs tri 94,441n/3,304ms [exact-adjudication]
opening#03 black loss diff=-32 our 21,283n/6,653ms vs tri 91,531n/3,564ms [exact-adjudication]
opening#03 white win  diff= 50 our 18,566n/7,684ms vs tri 72,489n/3,600ms [exact-adjudication]
opening#04 black win  diff= 16 our 17,024n/5,620ms vs tri 84,148n/3,684ms [exact-adjudication]
opening#04 white loss diff=-10 our 20,769n/7,373ms vs tri 74,475n/3,630ms [exact-adjudication]
score: 4/8 (50.0%)
W-L-D: 4-4-0
avg disc diff: 1.63
exact adjudications: 8/8

Saved benchmark summary to /tmp/stage167_work/stage167_benchmark_reset_repo/tools/engine-match/out/_stage15x_restart_round6_base_overlay_parallel/results/noisy240-pvs-seed71/s154-both-s158-both.json


STDERR:

