$ node /tmp/stage167_work/stage167_benchmark_reset_repo/tools/engine-match/benchmark-vs-trineutron.mjs --variants custom --games 4 --opening-plies 20 --seed 71 --our-time-ms 240 --their-time-ms 240 --our-max-depth 6 --their-max-depth 18 --search-algorithm classic --aspiration-window 60 --max-table-entries 90000 --exact-endgame-empties 10 --solver-adjudication-empties 14 --solver-adjudication-time-ms 60000 --solver-adjudication-max-depth 14 --their-noise-scale 4 --variant-seed-mode shared --output-json /tmp/stage167_work/stage167_benchmark_reset_repo/tools/engine-match/out/_stage15x_restart_round6_base_overlay_parallel/results/noisy240-pvs-seed71/s154-main.json --variant-label s154-main --generated-module tools/evaluator-training/out/stage15x-support-stack/stage154-main-recenter/exported/s154-main.generated.js --engine-options-json tools/evaluator-training/out/stage15x-support-stack/stage154-main-recenter/engine-options/s154-main.json

STDOUT:
Opening source      : random
Opening plies       : 20
Opening seed range  : 71..74
Our search          : classic (Classic PVS), aspiration=60, table=90000
Our engine time     : 240ms, depth=6, exactEndgameEmpties=10
Solver adjudication : empties<=14, time=60000ms, depth=14
Trineutron time     : 240ms, depth=18, noiseScale=4
Variant seed mode   : shared
Variants            : custom
Custom profiles     : eval=balanced13-alllate-smoothed stability extras 0.90x, ordering=stage154-main-recenter__move-ordering__balanced, tuple=diagonal-top24-latea-endgame-patched-calibrated, mpc=stage154-main-recenter__runtime-mpc__overlapHighTight, pattern-bank=1, ordering-pattern-bank=0
Custom engine opts  : /tmp/stage167_work/stage167_benchmark_reset_repo/tools/evaluator-training/out/stage15x-support-stack/stage154-main-recenter/engine-options/s154-main.json
Custom module path  : /tmp/stage167_work/stage167_benchmark_reset_repo/tools/evaluator-training/out/stage15x-support-stack/stage154-main-recenter/exported/s154-main.generated.js
Games per variant   : 4 openings x 2 colors = 8

[variant: s154-main]
opening#01 black loss diff=-16 our 22,757n/7,877ms vs tri 74,902n/3,592ms [exact-adjudication]
opening#01 white win  diff=  8 our 23,101n/5,767ms vs tri 78,820n/3,614ms [exact-adjudication]
opening#02 black loss diff=-40 our 20,211n/5,348ms vs tri 91,527n/3,590ms [exact-adjudication]
opening#02 white win  diff= 56 our 22,076n/5,766ms vs tri 88,562n/3,319ms [exact-adjudication]
opening#03 black loss diff=-26 our 25,718n/8,056ms vs tri 84,846n/3,563ms [exact-adjudication]
opening#03 white win  diff= 48 our 18,428n/5,030ms vs tri 77,203n/3,668ms [exact-adjudication]
opening#04 black win  diff= 26 our 19,974n/5,806ms vs tri 72,144n/3,599ms [exact-adjudication]
opening#04 white loss diff=-18 our 17,869n/4,984ms vs tri 59,540n/3,626ms [exact-adjudication]
score: 4/8 (50.0%)
W-L-D: 4-4-0
avg disc diff: 4.75
exact adjudications: 8/8

Saved benchmark summary to /tmp/stage167_work/stage167_benchmark_reset_repo/tools/engine-match/out/_stage15x_restart_round6_base_overlay_parallel/results/noisy240-pvs-seed71/s154-main.json


STDERR:

