$ node tools/engine-match/benchmark-vs-trineutron.mjs --output-json tools/engine-match/out/_stage15x_restart_round9_new_variant_only/results/noisy1500-pvs-seed131__s154-both-s158-open.json --games 1 --opening-plies 20 --opening-source random --seed 131 --our-time-ms 1500 --their-time-ms 1500 --our-max-depth 6 --their-max-depth 18 --exact-endgame-empties 10 --solver-adjudication-empties 14 --solver-adjudication-time-ms 60000 --their-noise-scale 4 --variant-seed-mode shared --search-algorithm classic --aspiration-window 60 --max-table-entries 90000 --variants custom --generated-module tools/evaluator-training/out/stage15x-support-stack/stage154-main-recenter/exported/s154-both.generated.js --engine-options-json tools/engine-match/out/stage15x-restart-benchmark-pack/phase9-both-open-overlay/engine-options/s154-both-s158-open.json --variant-label s154-both + s158-stable-zebra-open

Opening source      : random
Opening plies       : 20
Opening seed range  : 131..131
Our search          : classic (Classic PVS), aspiration=60, table=90000
Our engine time     : 1500ms, depth=6, exactEndgameEmpties=10
Solver adjudication : empties<=14, time=60000ms, depth=14
Trineutron time     : 1500ms, depth=18, noiseScale=4
Variant seed mode   : shared
Variants            : custom
Custom profiles     : eval=balanced13-alllate-smoothed stability extras 0.90x, ordering=stage154-main-recenter__move-ordering__superset, tuple=diagonal-top24-latea-endgame-patched-calibrated, mpc=stage154-main-recenter__runtime-mpc__overlapBothSoftLow, pattern-bank=1, ordering-pattern-bank=0
Custom engine opts  : /mnt/data/round9_work/stage167_benchmark_reset_repo/tools/engine-match/out/stage15x-restart-benchmark-pack/phase9-both-open-overlay/engine-options/s154-both-s158-open.json
Custom module path  : /mnt/data/round9_work/stage167_benchmark_reset_repo/tools/evaluator-training/out/stage15x-support-stack/stage154-main-recenter/exported/s154-both.generated.js
Games per variant   : 1 openings x 2 colors = 2

[variant: s154-both + s158-stable-zebra-open]
opening#01 black win  diff= 18 our 66,839n/4,189ms vs tri 2,663,193n/19,502ms [exact-adjudication]
opening#01 white win  diff= 16 our 56,328n/4,128ms vs tri 2,385,860n/19,505ms [exact-adjudication]
score: 2/2 (100.0%)
W-L-D: 2-0-0
avg disc diff: 17.00
exact adjudications: 2/2

Saved benchmark summary to /mnt/data/round9_work/stage167_benchmark_reset_repo/tools/engine-match/out/_stage15x_restart_round9_new_variant_only/results/noisy1500-pvs-seed131__s154-both-s158-open.json
